../usb2uartApp/usb2uartApp.c:23:6:update_Data_From_Appllication	16	static
../usb2uartApp/usb2uartApp.c:378:6:updateSerialInputBuffer	16	static
../usb2uartApp/usb2uartApp.c:394:6:uartPinInit	32	static
../usb2uartApp/usb2uartApp.c:425:6:userApplicationInit	24	static
../usb2uartApp/usb2uartApp.c:447:6:UART4_IRQHandler	8	static
../usb2uartApp/usb2uartApp.c:456:9:stringCompare	24	static
../usb2uartApp/usb2uartApp.c:467:9:arithmeticToNumeric	24	static
../usb2uartApp/usb2uartApp.c:478:9:stringValidation	32	static
