../Core/Src/main.c:52:5:main	8	static
../Core/Src/main.c:97:6:SystemClock_Config	88	static
../Core/Src/main.c:141:13:MX_CAN1_Init	8	static
../Core/Src/main.c:173:13:MX_UART4_Init	8	static
../Core/Src/main.c:201:13:MX_GPIO_Init	16	static
../Core/Src/main.c:219:6:UnauthorizedAttack	16	static
../Core/Src/main.c:240:6:ReplayAttack	8	static
../Core/Src/main.c:265:6:SpoofingAttack	8	static
../Core/Src/main.c:297:6:FloodingAttack	8	static
../Core/Src/main.c:319:6:NormalMessage	16	static
../Core/Src/main.c:377:6:Error_Handler	4	static
