Archive member included to satisfy reference by file (symbol)

/opt/st/stm32cubeide_1.17.0/plugins/com.st.stm32cube.ide.mcu.externaltools.gnu-tools-for-stm32.12.3.rel1.linux64_1.1.0.202410170702/tools/bin/../lib/gcc/arm-none-eabi/12.3.1/../../../../arm-none-eabi/lib/thumb/v7e-m+fp/hard/libc_nano.a(libc_a-exit.o)
                              /opt/st/stm32cubeide_1.17.0/plugins/com.st.stm32cube.ide.mcu.externaltools.gnu-tools-for-stm32.12.3.rel1.linux64_1.1.0.202410170702/tools/bin/../lib/gcc/arm-none-eabi/12.3.1/../../../../arm-none-eabi/lib/thumb/v7e-m+fp/hard/crt0.o (exit)
/opt/st/stm32cubeide_1.17.0/plugins/com.st.stm32cube.ide.mcu.externaltools.gnu-tools-for-stm32.12.3.rel1.linux64_1.1.0.202410170702/tools/bin/../lib/gcc/arm-none-eabi/12.3.1/../../../../arm-none-eabi/lib/thumb/v7e-m+fp/hard/libc_nano.a(libc_a-findfp.o)
                              /opt/st/stm32cubeide_1.17.0/plugins/com.st.stm32cube.ide.mcu.externaltools.gnu-tools-for-stm32.12.3.rel1.linux64_1.1.0.202410170702/tools/bin/../lib/gcc/arm-none-eabi/12.3.1/../../../../arm-none-eabi/lib/thumb/v7e-m+fp/hard/libc_nano.a(libc_a-exit.o) (__stdio_exit_handler)
/opt/st/stm32cubeide_1.17.0/plugins/com.st.stm32cube.ide.mcu.externaltools.gnu-tools-for-stm32.12.3.rel1.linux64_1.1.0.202410170702/tools/bin/../lib/gcc/arm-none-eabi/12.3.1/../../../../arm-none-eabi/lib/thumb/v7e-m+fp/hard/libc_nano.a(libc_a-fwalk.o)
                              /opt/st/stm32cubeide_1.17.0/plugins/com.st.stm32cube.ide.mcu.externaltools.gnu-tools-for-stm32.12.3.rel1.linux64_1.1.0.202410170702/tools/bin/../lib/gcc/arm-none-eabi/12.3.1/../../../../arm-none-eabi/lib/thumb/v7e-m+fp/hard/libc_nano.a(libc_a-findfp.o) (_fwalk_sglue)
/opt/st/stm32cubeide_1.17.0/plugins/com.st.stm32cube.ide.mcu.externaltools.gnu-tools-for-stm32.12.3.rel1.linux64_1.1.0.202410170702/tools/bin/../lib/gcc/arm-none-eabi/12.3.1/../../../../arm-none-eabi/lib/thumb/v7e-m+fp/hard/libc_nano.a(libc_a-puts.o)
                              ./usb2uartApp/usb2uartApp.o (puts)
/opt/st/stm32cubeide_1.17.0/plugins/com.st.stm32cube.ide.mcu.externaltools.gnu-tools-for-stm32.12.3.rel1.linux64_1.1.0.202410170702/tools/bin/../lib/gcc/arm-none-eabi/12.3.1/../../../../arm-none-eabi/lib/thumb/v7e-m+fp/hard/libc_nano.a(libc_a-stdio.o)
                              /opt/st/stm32cubeide_1.17.0/plugins/com.st.stm32cube.ide.mcu.externaltools.gnu-tools-for-stm32.12.3.rel1.linux64_1.1.0.202410170702/tools/bin/../lib/gcc/arm-none-eabi/12.3.1/../../../../arm-none-eabi/lib/thumb/v7e-m+fp/hard/libc_nano.a(libc_a-findfp.o) (__sread)
/opt/st/stm32cubeide_1.17.0/plugins/com.st.stm32cube.ide.mcu.externaltools.gnu-tools-for-stm32.12.3.rel1.linux64_1.1.0.202410170702/tools/bin/../lib/gcc/arm-none-eabi/12.3.1/../../../../arm-none-eabi/lib/thumb/v7e-m+fp/hard/libc_nano.a(libc_a-wbuf.o)
                              /opt/st/stm32cubeide_1.17.0/plugins/com.st.stm32cube.ide.mcu.externaltools.gnu-tools-for-stm32.12.3.rel1.linux64_1.1.0.202410170702/tools/bin/../lib/gcc/arm-none-eabi/12.3.1/../../../../arm-none-eabi/lib/thumb/v7e-m+fp/hard/libc_nano.a(libc_a-puts.o) (__swbuf_r)
/opt/st/stm32cubeide_1.17.0/plugins/com.st.stm32cube.ide.mcu.externaltools.gnu-tools-for-stm32.12.3.rel1.linux64_1.1.0.202410170702/tools/bin/../lib/gcc/arm-none-eabi/12.3.1/../../../../arm-none-eabi/lib/thumb/v7e-m+fp/hard/libc_nano.a(libc_a-wsetup.o)
                              /opt/st/stm32cubeide_1.17.0/plugins/com.st.stm32cube.ide.mcu.externaltools.gnu-tools-for-stm32.12.3.rel1.linux64_1.1.0.202410170702/tools/bin/../lib/gcc/arm-none-eabi/12.3.1/../../../../arm-none-eabi/lib/thumb/v7e-m+fp/hard/libc_nano.a(libc_a-puts.o) (__swsetup_r)
/opt/st/stm32cubeide_1.17.0/plugins/com.st.stm32cube.ide.mcu.externaltools.gnu-tools-for-stm32.12.3.rel1.linux64_1.1.0.202410170702/tools/bin/../lib/gcc/arm-none-eabi/12.3.1/../../../../arm-none-eabi/lib/thumb/v7e-m+fp/hard/libc_nano.a(libc_a-memset.o)
                              /opt/st/stm32cubeide_1.17.0/plugins/com.st.stm32cube.ide.mcu.externaltools.gnu-tools-for-stm32.12.3.rel1.linux64_1.1.0.202410170702/tools/bin/../lib/gcc/arm-none-eabi/12.3.1/../../../../arm-none-eabi/lib/thumb/v7e-m+fp/hard/crt0.o (memset)
/opt/st/stm32cubeide_1.17.0/plugins/com.st.stm32cube.ide.mcu.externaltools.gnu-tools-for-stm32.12.3.rel1.linux64_1.1.0.202410170702/tools/bin/../lib/gcc/arm-none-eabi/12.3.1/../../../../arm-none-eabi/lib/thumb/v7e-m+fp/hard/libc_nano.a(libc_a-closer.o)
                              /opt/st/stm32cubeide_1.17.0/plugins/com.st.stm32cube.ide.mcu.externaltools.gnu-tools-for-stm32.12.3.rel1.linux64_1.1.0.202410170702/tools/bin/../lib/gcc/arm-none-eabi/12.3.1/../../../../arm-none-eabi/lib/thumb/v7e-m+fp/hard/libc_nano.a(libc_a-stdio.o) (_close_r)
/opt/st/stm32cubeide_1.17.0/plugins/com.st.stm32cube.ide.mcu.externaltools.gnu-tools-for-stm32.12.3.rel1.linux64_1.1.0.202410170702/tools/bin/../lib/gcc/arm-none-eabi/12.3.1/../../../../arm-none-eabi/lib/thumb/v7e-m+fp/hard/libc_nano.a(libc_a-reent.o)
[...]
Memory Configuration

Name             Origin             Length             Attributes
CCMRAM           0x10000000         0x00010000         xrw
RAM              0x20000000         0x00020000         xrw
FLASH            0x08000000         0x00100000         xr
*default*        0x00000000         0xffffffff

Linker script and memory map

LOAD /opt/st/stm32cubeide_1.17.0/plugins/com.st.stm32cube.ide.mcu.externaltools.gnu-tools-for-stm32.12.3.rel1.linux64_1.1.0.202410170702/tools/bin/../lib/gcc/arm-none-eabi/12.3.1/thumb/v7e-m+fp/hard/crti.o
LOAD /opt/st/stm32cubeide_1.17.0/plugins/com.st.stm32cube.ide.mcu.externaltools.gnu-tools-for-stm32.12.3.rel1.linux64_1.1.0.202410170702/tools/bin/../lib/gcc/arm-none-eabi/12.3.1/thumb/v7e-m+fp/hard/crtbegin.o
LOAD /opt/st/stm32cubeide_1.17.0/plugins/com.st.stm32cube.ide.mcu.externaltools.gnu-tools-for-stm32.12.3.rel1.linux64_1.1.0.202410170702/tools/bin/../lib/gcc/arm-none-eabi/12.3.1/../../../../arm-none-eabi/lib/thumb/v7e-m+fp/hard/crt0.o
LOAD ./Src/main.o
LOAD ./Src/syscalls.o
LOAD ./Src/sysmem.o
LOAD ./Startup/startup_stm32f407vgtx.o
LOAD ./drivers/gpio.o
LOAD ./drivers/i2c.o
LOAD ./drivers/interrupt.o
LOAD ./drivers/mcu.o
LOAD ./drivers/timer.o
LOAD ./drivers/uart.o
LOAD ./ioExpander/ioExpander.o
LOAD ./usb2uartApp/usb2uartApp.o
START GROUP
LOAD /opt/st/stm32cubeide_1.17.0/plugins/com.st.stm32cube.ide.mcu.externaltools.gnu-tools-for-stm32.12.3.rel1.linux64_1.1.0.202410170702/tools/bin/../lib/gcc/arm-none-eabi/12.3.1/../../../../arm-none-eabi/lib/thumb/v7e-m+fp/hard/libc_nano.a
LOAD /opt/st/stm32cubeide_1.17.0/plugins/com.st.stm32cube.ide.mcu.externaltools.gnu-tools-for-stm32.12.3.rel1.linux64_1.1.0.202410170702/tools/bin/../lib/gcc/arm-none-eabi/12.3.1/../../../../arm-none-eabi/lib/thumb/v7e-m+fp/hard/libm.a
END GROUP
START GROUP
LOAD /opt/st/stm32cubeide_1.17.0/plugins/com.st.stm32cube.ide.mcu.externaltools.gnu-tools-for-stm32.12.3.rel1.linux64_1.1.0.202410170702/tools/bin/../lib/gcc/arm-none-eabi/12.3.1/thumb/v7e-m+fp/hard/libgcc.a
LOAD /opt/st/stm32cubeide_1.17.0/plugins/com.st.stm32cube.ide.mcu.externaltools.gnu-tools-for-stm32.12.3.rel1.linux64_1.1.0.202410170702/tools/bin/../lib/gcc/arm-none-eabi/12.3.1/../../../../arm-none-eabi/lib/thumb/v7e-m+fp/hard/libc_nano.a
END GROUP
START GROUP
LOAD /opt/st/stm32cubeide_1.17.0/plugins/com.st.stm32cube.ide.mcu.externaltools.gnu-tools-for-stm32.12.3.rel1.linux64_1.1.0.202410170702/tools/bin/../lib/gcc/arm-none-eabi/12.3.1/thumb/v7e-m+fp/hard/libgcc.a
LOAD /opt/st/stm32cubeide_1.17.0/plugins/com.st.stm32cube.ide.mcu.externaltools.gnu-tools-for-stm32.12.3.rel1.linux64_1.1.0.202410170702/tools/bin/../lib/gcc/arm-none-eabi/12.3.1/../../../../arm-none-eabi/lib/thumb/v7e-m+fp/hard/libc_nano.a
LOAD /opt/st/stm32cubeide_1.17.0/plugins/com.st.stm32cube.ide.mcu.externaltools.gnu-tools-for-stm32.12.3.rel1.linux64_1.1.0.202410170702/tools/bin/../lib/gcc/arm-none-eabi/12.3.1/../../../../arm-none-eabi/lib/thumb/v7e-m+fp/hard/libnosys.a
END GROUP
START GROUP
LOAD /opt/st/stm32cubeide_1.17.0/plugins/com.st.stm32cube.ide.mcu.externaltools.gnu-tools-for-stm32.12.3.rel1.linux64_1.1.0.202410170702/tools/bin/../lib/gcc/arm-none-eabi/12.3.1/thumb/v7e-m+fp/hard/libgcc.a
LOAD /opt/st/stm32cubeide_1.17.0/plugins/com.st.stm32cube.ide.mcu.externaltools.gnu-tools-for-stm32.12.3.rel1.linux64_1.1.0.202410170702/tools/bin/../lib/gcc/arm-none-eabi/12.3.1/../../../../arm-none-eabi/lib/thumb/v7e-m+fp/hard/libc_nano.a
LOAD /opt/st/stm32cubeide_1.17.0/plugins/com.st.stm32cube.ide.mcu.externaltools.gnu-tools-for-stm32.12.3.rel1.linux64_1.1.0.202410170702/tools/bin/../lib/gcc/arm-none-eabi/12.3.1/../../../../arm-none-eabi/lib/thumb/v7e-m+fp/hard/libnosys.a
END GROUP
LOAD /opt/st/stm32cubeide_1.17.0/plugins/com.st.stm32cube.ide.mcu.externaltools.gnu-tools-for-stm32.12.3.rel1.linux64_1.1.0.202410170702/tools/bin/../lib/gcc/arm-none-eabi/12.3.1/thumb/v7e-m+fp/hard/crtend.o
LOAD /opt/st/stm32cubeide_1.17.0/plugins/com.st.stm32cube.ide.mcu.externaltools.gnu-tools-for-stm32.12.3.rel1.linux64_1.1.0.202410170702/tools/bin/../lib/gcc/arm-none-eabi/12.3.1/thumb/v7e-m+fp/hard/crtn.o
                0x20020000                        _estack = (ORIGIN (RAM) + LENGTH (RAM))
                0x00000200                        _Min_Heap_Size = 0x200
                0x00000400                        _Min_Stack_Size = 0x400

.isr_vector     0x08000000      0x188
                0x08000000                        . = ALIGN (0x4)
 *(.isr_vector)
 .isr_vector    0x08000000      0x188 ./Startup/startup_stm32f407vgtx.o
                0x08000000                g_pfnVectors
                0x08000188                        . = ALIGN (0x4)

.text           0x08000188     0x1f04
                0x08000188                        . = ALIGN (0x4)
 *(.text)
 .text          0x08000188       0x40 /opt/st/stm32cubeide_1.17.0/plugins/com.st.stm32cube.ide.mcu.externaltools.gnu-tools-for-stm32.12.3.rel1.linux64_1.1.0.202410170702/tools/bin/../lib/gcc/arm-none-eabi/12.3.1/thumb/v7e-m+fp/hard/crtbegin.o
 *(.text*)
 .text.main     0x080001c8       0x2c ./Src/main.o
                0x080001c8                main
 .text._read    0x080001f4       0x3a ./Src/syscalls.o
                0x080001f4                _read
 .text._write   0x0800022e       0x38 ./Src/syscalls.o
                0x0800022e                _write
 .text._close   0x08000266       0x18 ./Src/syscalls.o
                0x08000266                _close
 .text._fstat   0x0800027e       0x20 ./Src/syscalls.o
                0x0800027e                _fstat
 .text._isatty  0x0800029e       0x16 ./Src/syscalls.o
                0x0800029e                _isatty
 .text._lseek   0x080002b4       0x1a ./Src/syscalls.o
                0x080002b4                _lseek
 *fill*         0x080002ce        0x2 
 .text._sbrk    0x080002d0       0x6c ./Src/sysmem.o
                0x080002d0                _sbrk
 .text.Reset_Handler
                0x0800033c       0x50 ./Startup/startup_stm32f407vgtx.o
                0x0800033c                Reset_Handler
 .text.Default_Handler
                0x0800038c        0x2 ./Startup/startup_stm32f407vgtx.o
                0x0800038c                RTC_Alarm_IRQHandler
                0x0800038c                HASH_RNG_IRQHandler
                0x0800038c                EXTI2_IRQHandler
                0x0800038c                TIM8_CC_IRQHandler
                0x0800038c                DebugMon_Handler
                0x0800038c                TIM1_CC_IRQHandler
                0x0800038c                DMA2_Stream5_IRQHandler
                0x0800038c                HardFault_Handler
                0x0800038c                DMA1_Stream5_IRQHandler
                0x0800038c                SysTick_Handler
                0x0800038c                PVD_IRQHandler
                0x0800038c                SDIO_IRQHandler
                0x0800038c                TAMP_STAMP_IRQHandler
                0x0800038c                PendSV_Handler
                0x0800038c                NMI_Handler
                0x0800038c                CAN2_RX1_IRQHandler
                0x0800038c                EXTI3_IRQHandler
                0x0800038c                TIM8_TRG_COM_TIM14_IRQHandler
                0x0800038c                TIM1_UP_TIM10_IRQHandler
                0x0800038c                TIM8_UP_TIM13_IRQHandler
                0x0800038c                I2C3_ER_IRQHandler
                0x0800038c                EXTI0_IRQHandler
                0x0800038c                I2C2_EV_IRQHandler
                0x0800038c                DMA1_Stream2_IRQHandler
                0x0800038c                CAN1_RX0_IRQHandler
                0x0800038c                FPU_IRQHandler
                0x0800038c                OTG_HS_WKUP_IRQHandler
                0x0800038c                UsageFault_Handler
                0x0800038c                CAN2_SCE_IRQHandler
                0x0800038c                DMA2_Stream2_IRQHandler
                0x0800038c                SPI1_IRQHandler
                0x0800038c                TIM6_DAC_IRQHandler
                0x0800038c                DCMI_IRQHandler
                0x0800038c                CAN2_RX0_IRQHandler
                0x0800038c                DMA2_Stream3_IRQHandler
                0x0800038c                USART6_IRQHandler
                0x0800038c                USART3_IRQHandler
                0x0800038c                CRYP_IRQHandler
                0x0800038c                CAN1_RX1_IRQHandler
                0x0800038c                UART5_IRQHandler
                0x0800038c                DMA2_Stream0_IRQHandler
                0x0800038c                TIM4_IRQHandler
                0x0800038c                I2C1_EV_IRQHandler
                0x0800038c                DMA1_Stream6_IRQHandler
                0x0800038c                DMA1_Stream1_IRQHandler
                0x0800038c                TIM3_IRQHandler
                0x0800038c                RCC_IRQHandler
                0x0800038c                TIM8_BRK_TIM12_IRQHandler
                0x0800038c                Default_Handler
                0x0800038c                EXTI15_10_IRQHandler
                0x0800038c                ADC_IRQHandler
                0x0800038c                DMA1_Stream7_IRQHandler
                0x0800038c                TIM7_IRQHandler
                0x0800038c                CAN2_TX_IRQHandler
                0x0800038c                TIM5_IRQHandler
                0x0800038c                DMA2_Stream7_IRQHandler
                0x0800038c                I2C3_EV_IRQHandler
                0x0800038c                EXTI9_5_IRQHandler
                0x0800038c                RTC_WKUP_IRQHandler
                0x0800038c                ETH_WKUP_IRQHandler
                0x0800038c                SPI2_IRQHandler
                0x0800038c                OTG_HS_EP1_IN_IRQHandler
                0x0800038c                MemManage_Handler
                0x0800038c                DMA1_Stream0_IRQHandler
                0x0800038c                CAN1_TX_IRQHandler
                0x0800038c                SVC_Handler
                0x0800038c                EXTI4_IRQHandler
                0x0800038c                FSMC_IRQHandler
                0x0800038c                ETH_IRQHandler
                0x0800038c                OTG_HS_EP1_OUT_IRQHandler
                0x0800038c                WWDG_IRQHandler
                0x0800038c                TIM2_IRQHandler
                0x0800038c                OTG_FS_WKUP_IRQHandler
                0x0800038c                TIM1_TRG_COM_TIM11_IRQHandler
                0x0800038c                OTG_HS_IRQHandler
                0x0800038c                EXTI1_IRQHandler
                0x0800038c                USART2_IRQHandler
                0x0800038c                I2C2_ER_IRQHandler
                0x0800038c                DMA2_Stream1_IRQHandler
                0x0800038c                CAN1_SCE_IRQHandler
                0x0800038c                DMA2_Stream4_IRQHandler
                0x0800038c                BusFault_Handler
                0x0800038c                USART1_IRQHandler
                0x0800038c                OTG_FS_IRQHandler
                0x0800038c                SPI3_IRQHandler
                0x0800038c                DMA1_Stream4_IRQHandler
                0x0800038c                I2C1_ER_IRQHandler
                0x0800038c                DMA2_Stream6_IRQHandler
                0x0800038c                DMA1_Stream3_IRQHandler
 *fill*         0x0800038e        0x2 
 .text.GpioPinSet
                0x08000390      0x1ec ./drivers/gpio.o
                0x08000390                GpioPinSet
 .text.I2C_Init
                0x0800057c       0xd0 ./drivers/i2c.o
                0x0800057c                I2C_Init
 .text.I2C_Write
                0x0800064c       0x3c ./drivers/i2c.o
                0x0800064c                I2C_Write
 .text.I2C_Start
                0x08000688       0x66 ./drivers/i2c.o
                0x08000688                I2C_Start
 .text.I2C_Stop
                0x080006ee       0x30 ./drivers/i2c.o
                0x080006ee                I2C_Stop
 *fill*         0x0800071e        0x2 
 .text.NvicEnableInt
                0x08000720       0x8c ./drivers/interrupt.o
                0x08000720                NvicEnableInt
 .text.GetSystemClockFrequency
                0x080007ac       0x50 ./drivers/mcu.o
                0x080007ac                GetSystemClockFrequency
 .text.SystemInit
                0x080007fc       0x20 ./drivers/mcu.o
                0x080007fc                SystemInit
 .text.TIM1_BRK_TIM9_IRQHandler
                0x0800081c       0x34 ./drivers/timer.o
                0x0800081c                TIM1_BRK_TIM9_IRQHandler
 .text.TimerInit
                0x08000850       0x28 ./drivers/timer.o
                0x08000850                TimerInit
 .text.TimerEnable
                0x08000878       0x40 ./drivers/timer.o
                0x08000878                TimerEnable
 .text.TimerDisable
                0x080008b8       0x20 ./drivers/timer.o
                0x080008b8                TimerDisable
 .text.MilliSecondsDelay
                0x080008d8       0x28 ./drivers/timer.o
                0x080008d8                MilliSecondsDelay
 .text.MicroSecondsDelay
                0x08000900       0x68 ./drivers/timer.o
                0x08000900                MicroSecondsDelay
 .text.uartInit
                0x08000968       0xb0 ./drivers/uart.o
                0x08000968                uartInit
 .text.uartPheripheralEnable
                0x08000a18       0xac ./drivers/uart.o
                0x08000a18                uartPheripheralEnable
 .text.enableSysPheripheral
                0x08000ac4       0x56 ./drivers/uart.o
                0x08000ac4                enableSysPheripheral
 .text.uartCalculateBaurdRate
                0x08000b1a       0xf2 ./drivers/uart.o
                0x08000b1a                uartCalculateBaurdRate
 .text.uartInterruptEnable
                0x08000c0c       0x7c ./drivers/uart.o
                0x08000c0c                uartInterruptEnable
 .text.uartInterruptDisable
                0x08000c88       0x64 ./drivers/uart.o
                0x08000c88                uartInterruptDisable
 .text.usartEnable
                0x08000cec       0x3a ./drivers/uart.o
                0x08000cec                usartEnable
 *fill*         0x08000d26        0x2 
 .text.ioExpanderPinInit
                0x08000d28       0x60 ./ioExpander/ioExpander.o
                0x08000d28                ioExpanderPinInit
 .text.ioExpanderwrite
                0x08000d88       0x46 ./ioExpander/ioExpander.o
                0x08000d88                ioExpanderwrite
 *fill*         0x08000dce        0x2 
 .text.ioExpanderInit
                0x08000dd0       0x34 ./ioExpander/ioExpander.o
                0x08000dd0                ioExpanderInit
 .text.update_Data_From_Appllication
                0x08000e04      0x744 ./usb2uartApp/usb2uartApp.o
                0x08000e04                update_Data_From_Appllication
 .text.updateSerialInputBuffer
                0x08001548       0x6c ./usb2uartApp/usb2uartApp.o
                0x08001548                updateSerialInputBuffer
 .text.uartPinInit
                0x080015b4       0x60 ./usb2uartApp/usb2uartApp.o
                0x080015b4                uartPinInit
 .text.userApplicationInit
                0x08001614       0x58 ./usb2uartApp/usb2uartApp.o
                0x08001614                userApplicationInit
 .text.UART4_IRQHandler
                0x0800166c       0x38 ./usb2uartApp/usb2uartApp.o
                0x0800166c                UART4_IRQHandler
 .text.arithmeticToNumeric
                0x080016a4       0x30 ./usb2uartApp/usb2uartApp.o
                0x080016a4                arithmeticToNumeric
 .text.stringValidation
                0x080016d4       0x46 ./usb2uartApp/usb2uartApp.o
                0x080016d4                stringValidation
 *fill*         0x0800171a        0x2 
 .text.std      0x0800171c       0x6c /opt/st/stm32cubeide_1.17.0/plugins/com.st.stm32cube.ide.mcu.externaltools.gnu-tools-for-stm32.12.3.rel1.linux64_1.1.0.202410170702/tools/bin/../lib/gcc/arm-none-eabi/12.3.1/../../../../arm-none-eabi/lib/thumb/v7e-m+fp/hard/libc_nano.a(libc_a-findfp.o)
 .text.stdio_exit_handler
                0x08001788       0x18 /opt/st/stm32cubeide_1.17.0/plugins/com.st.stm32cube.ide.mcu.externaltools.gnu-tools-for-stm32.12.3.rel1.linux64_1.1.0.202410170702/tools/bin/../lib/gcc/arm-none-eabi/12.3.1/../../../../arm-none-eabi/lib/thumb/v7e-m+fp/hard/libc_nano.a(libc_a-findfp.o)
 .text.cleanup_stdio
                0x080017a0       0x40 /opt/st/stm32cubeide_1.17.0/plugins/com.st.stm32cube.ide.mcu.externaltools.gnu-tools-for-stm32.12.3.rel1.linux64_1.1.0.202410170702/tools/bin/../lib/gcc/arm-none-eabi/12.3.1/../../../../arm-none-eabi/lib/thumb/v7e-m+fp/hard/libc_nano.a(libc_a-findfp.o)
 .text.global_stdio_init.part.0
                0x080017e0       0x3c /opt/st/stm32cubeide_1.17.0/plugins/com.st.stm32cube.ide.mcu.externaltools.gnu-tools-for-stm32.12.3.rel1.linux64_1.1.0.202410170702/tools/bin/../lib/gcc/arm-none-eabi/12.3.1/../../../../arm-none-eabi/lib/thumb/v7e-m+fp/hard/libc_nano.a(libc_a-findfp.o)
 .text.__sfp_lock_acquire
                0x0800181c        0xc /opt/st/stm32cubeide_1.17.0/plugins/com.st.stm32cube.ide.mcu.externaltools.gnu-tools-for-stm32.12.3.rel1.linux64_1.1.0.202410170702/tools/bin/../lib/gcc/arm-none-eabi/12.3.1/../../../../arm-none-eabi/lib/thumb/v7e-m+fp/hard/libc_nano.a(libc_a-findfp.o)
                0x0800181c                __sfp_lock_acquire
 .text.__sfp_lock_release
                0x08001828        0xc /opt/st/stm32cubeide_1.17.0/plugins/com.st.stm32cube.ide.mcu.externaltools.gnu-tools-for-stm32.12.3.rel1.linux64_1.1.0.202410170702/tools/bin/../lib/gcc/arm-none-eabi/12.3.1/../../../../arm-none-eabi/lib/thumb/v7e-m+fp/hard/libc_nano.a(libc_a-findfp.o)
                0x08001828                __sfp_lock_release
 .text.__sinit  0x08001834       0x30 /opt/st/stm32cubeide_1.17.0/plugins/com.st.stm32cube.ide.mcu.externaltools.gnu-tools-for-stm32.12.3.rel1.linux64_1.1.0.202410170702/tools/bin/../lib/gcc/arm-none-eabi/12.3.1/../../../../arm-none-eabi/lib/thumb/v7e-m+fp/hard/libc_nano.a(libc_a-findfp.o)
                0x08001834                __sinit
 .text._fwalk_sglue
                0x08001864       0x3c /opt/st/stm32cubeide_1.17.0/plugins/com.st.stm32cube.ide.mcu.externaltools.gnu-tools-for-stm32.12.3.rel1.linux64_1.1.0.202410170702/tools/bin/../lib/gcc/arm-none-eabi/12.3.1/../../../../arm-none-eabi/lib/thumb/v7e-m+fp/hard/libc_nano.a(libc_a-fwalk.o)
                0x08001864                _fwalk_sglue
 .text._puts_r  0x080018a0       0xaa /opt/st/stm32cubeide_1.17.0/plugins/com.st.stm32cube.ide.mcu.externaltools.gnu-tools-for-stm32.12.3.rel1.linux64_1.1.0.202410170702/tools/bin/../lib/gcc/arm-none-eabi/12.3.1/../../../../arm-none-eabi/lib/thumb/v7e-m+fp/hard/libc_nano.a(libc_a-puts.o)
                0x080018a0                _puts_r
 *fill*         0x0800194a        0x2 
 .text.puts     0x0800194c       0x10 /opt/st/stm32cubeide_1.17.0/plugins/com.st.stm32cube.ide.mcu.externaltools.gnu-tools-for-stm32.12.3.rel1.linux64_1.1.0.202410170702/tools/bin/../lib/gcc/arm-none-eabi/12.3.1/../../../../arm-none-eabi/lib/thumb/v7e-m+fp/hard/libc_nano.a(libc_a-puts.o)
                0x0800194c                puts
 .text.__sread  0x0800195c       0x22 /opt/st/stm32cubeide_1.17.0/plugins/com.st.stm32cube.ide.mcu.externaltools.gnu-tools-for-stm32.12.3.rel1.linux64_1.1.0.202410170702/tools/bin/../lib/gcc/arm-none-eabi/12.3.1/../../../../arm-none-eabi/lib/thumb/v7e-m+fp/hard/libc_nano.a(libc_a-stdio.o)
                0x0800195c                __sread
 .text.__swrite
                0x0800197e       0x38 /opt/st/stm32cubeide_1.17.0/plugins/com.st.stm32cube.ide.mcu.externaltools.gnu-tools-for-stm32.12.3.rel1.linux64_1.1.0.202410170702/tools/bin/../lib/gcc/arm-none-eabi/12.3.1/../../../../arm-none-eabi/lib/thumb/v7e-m+fp/hard/libc_nano.a(libc_a-stdio.o)
                0x0800197e                __swrite
 .text.__sseek  0x080019b6       0x24 /opt/st/stm32cubeide_1.17.0/plugins/com.st.stm32cube.ide.mcu.externaltools.gnu-tools-for-stm32.12.3.rel1.linux64_1.1.0.202410170702/tools/bin/../lib/gcc/arm-none-eabi/12.3.1/../../../../arm-none-eabi/lib/thumb/v7e-m+fp/hard/libc_nano.a(libc_a-stdio.o)
                0x080019b6                __sseek
 .text.__sclose
                0x080019da        0x8 /opt/st/stm32cubeide_1.17.0/plugins/com.st.stm32cube.ide.mcu.externaltools.gnu-tools-for-stm32.12.3.rel1.linux64_1.1.0.202410170702/tools/bin/../lib/gcc/arm-none-eabi/12.3.1/../../../../arm-none-eabi/lib/thumb/v7e-m+fp/hard/libc_nano.a(libc_a-stdio.o)
                0x080019da                __sclose
 .text.__swbuf_r
                0x080019e2       0x7c /opt/st/stm32cubeide_1.17.0/plugins/com.st.stm32cube.ide.mcu.externaltools.gnu-tools-for-stm32.12.3.rel1.linux64_1.1.0.202410170702/tools/bin/../lib/gcc/arm-none-eabi/12.3.1/../../../../arm-none-eabi/lib/thumb/v7e-m+fp/hard/libc_nano.a(libc_a-wbuf.o)
                0x080019e2                __swbuf_r
 *fill*         0x08001a5e        0x2 
 .text.__swsetup_r
                0x08001a60       0xac /opt/st/stm32cubeide_1.17.0/plugins/com.st.stm32cube.ide.mcu.externaltools.gnu-tools-for-stm32.12.3.rel1.linux64_1.1.0.202410170702/tools/bin/../lib/gcc/arm-none-eabi/12.3.1/../../../../arm-none-eabi/lib/thumb/v7e-m+fp/hard/libc_nano.a(libc_a-wsetup.o)
                0x08001a60                __swsetup_r
 .text.memset   0x08001b0c       0x10 /opt/st/stm32cubeide_1.17.0/plugins/com.st.stm32cube.ide.mcu.externaltools.gnu-tools-for-stm32.12.3.rel1.linux64_1.1.0.202410170702/tools/bin/../lib/gcc/arm-none-eabi/12.3.1/../../../../arm-none-eabi/lib/thumb/v7e-m+fp/hard/libc_nano.a(libc_a-memset.o)
                0x08001b0c                memset
 .text._close_r
                0x08001b1c       0x20 /opt/st/stm32cubeide_1.17.0/plugins/com.st.stm32cube.ide.mcu.externaltools.gnu-tools-for-stm32.12.3.rel1.linux64_1.1.0.202410170702/tools/bin/../lib/gcc/arm-none-eabi/12.3.1/../../../../arm-none-eabi/lib/thumb/v7e-m+fp/hard/libc_nano.a(libc_a-closer.o)
                0x08001b1c                _close_r
 .text._lseek_r
                0x08001b3c       0x24 /opt/st/stm32cubeide_1.17.0/plugins/com.st.stm32cube.ide.mcu.externaltools.gnu-tools-for-stm32.12.3.rel1.linux64_1.1.0.202410170702/tools/bin/../lib/gcc/arm-none-eabi/12.3.1/../../../../arm-none-eabi/lib/thumb/v7e-m+fp/hard/libc_nano.a(libc_a-lseekr.o)
                0x08001b3c                _lseek_r
 .text._read_r  0x08001b60       0x24 /opt/st/stm32cubeide_1.17.0/plugins/com.st.stm32cube.ide.mcu.externaltools.gnu-tools-for-stm32.12.3.rel1.linux64_1.1.0.202410170702/tools/bin/../lib/gcc/arm-none-eabi/12.3.1/../../../../arm-none-eabi/lib/thumb/v7e-m+fp/hard/libc_nano.a(libc_a-readr.o)
                0x08001b60                _read_r
 .text._write_r
                0x08001b84       0x24 /opt/st/stm32cubeide_1.17.0/plugins/com.st.stm32cube.ide.mcu.externaltools.gnu-tools-for-stm32.12.3.rel1.linux64_1.1.0.202410170702/tools/bin/../lib/gcc/arm-none-eabi/12.3.1/../../../../arm-none-eabi/lib/thumb/v7e-m+fp/hard/libc_nano.a(libc_a-writer.o)
                0x08001b84                _write_r
 .text.__errno  0x08001ba8        0xc /opt/st/stm32cubeide_1.17.0/plugins/com.st.stm32cube.ide.mcu.externaltools.gnu-tools-for-stm32.12.3.rel1.linux64_1.1.0.202410170702/tools/bin/../lib/gcc/arm-none-eabi/12.3.1/../../../../arm-none-eabi/lib/thumb/v7e-m+fp/hard/libc_nano.a(libc_a-errno.o)
                0x08001ba8                __errno
 .text.__libc_init_array
                0x08001bb4       0x48 /opt/st/stm32cubeide_1.17.0/plugins/com.st.stm32cube.ide.mcu.externaltools.gnu-tools-for-stm32.12.3.rel1.linux64_1.1.0.202410170702/tools/bin/../lib/gcc/arm-none-eabi/12.3.1/../../../../arm-none-eabi/lib/thumb/v7e-m+fp/hard/libc_nano.a(libc_a-init.o)
                0x08001bb4                __libc_init_array
 .text.__retarget_lock_init_recursive
                0x08001bfc        0x2 /opt/st/stm32cubeide_1.17.0/plugins/com.st.stm32cube.ide.mcu.externaltools.gnu-tools-for-stm32.12.3.rel1.linux64_1.1.0.202410170702/tools/bin/../lib/gcc/arm-none-eabi/12.3.1/../../../../arm-none-eabi/lib/thumb/v7e-m+fp/hard/libc_nano.a(libc_a-lock.o)
                0x08001bfc                __retarget_lock_init_recursive
 .text.__retarget_lock_acquire_recursive
                0x08001bfe        0x2 /opt/st/stm32cubeide_1.17.0/plugins/com.st.stm32cube.ide.mcu.externaltools.gnu-tools-for-stm32.12.3.rel1.linux64_1.1.0.202410170702/tools/bin/../lib/gcc/arm-none-eabi/12.3.1/../../../../arm-none-eabi/lib/thumb/v7e-m+fp/hard/libc_nano.a(libc_a-lock.o)
                0x08001bfe                __retarget_lock_acquire_recursive
 .text.__retarget_lock_release_recursive
                0x08001c00        0x2 /opt/st/stm32cubeide_1.17.0/plugins/com.st.stm32cube.ide.mcu.externaltools.gnu-tools-for-stm32.12.3.rel1.linux64_1.1.0.202410170702/tools/bin/../lib/gcc/arm-none-eabi/12.3.1/../../../../arm-none-eabi/lib/thumb/v7e-m+fp/hard/libc_nano.a(libc_a-lock.o)
                0x08001c00                __retarget_lock_release_recursive
 *fill*         0x08001c02        0x2 
 .text._free_r  0x08001c04       0x94 /opt/st/stm32cubeide_1.17.0/plugins/com.st.stm32cube.ide.mcu.externaltools.gnu-tools-for-stm32.12.3.rel1.linux64_1.1.0.202410170702/tools/bin/../lib/gcc/arm-none-eabi/12.3.1/../../../../arm-none-eabi/lib/thumb/v7e-m+fp/hard/libc_nano.a(libc_a-freer.o)
                0x08001c04                _free_r
 .text.sbrk_aligned
                0x08001c98       0x44 /opt/st/stm32cubeide_1.17.0/plugins/com.st.stm32cube.ide.mcu.externaltools.gnu-tools-for-stm32.12.3.rel1.linux64_1.1.0.202410170702/tools/bin/../lib/gcc/arm-none-eabi/12.3.1/../../../../arm-none-eabi/lib/thumb/v7e-m+fp/hard/libc_nano.a(libc_a-mallocr.o)
 .text._malloc_r
                0x08001cdc      0x100 /opt/st/stm32cubeide_1.17.0/plugins/com.st.stm32cube.ide.mcu.externaltools.gnu-tools-for-stm32.12.3.rel1.linux64_1.1.0.202410170702/tools/bin/../lib/gcc/arm-none-eabi/12.3.1/../../../../arm-none-eabi/lib/thumb/v7e-m+fp/hard/libc_nano.a(libc_a-mallocr.o)
                0x08001cdc                _malloc_r
 .text.__malloc_lock
                0x08001ddc        0xc /opt/st/stm32cubeide_1.17.0/plugins/com.st.stm32cube.ide.mcu.externaltools.gnu-tools-for-stm32.12.3.rel1.linux64_1.1.0.202410170702/tools/bin/../lib/gcc/arm-none-eabi/12.3.1/../../../../arm-none-eabi/lib/thumb/v7e-m+fp/hard/libc_nano.a(libc_a-mlock.o)
                0x08001ddc                __malloc_lock
 .text.__malloc_unlock
                0x08001de8        0xc /opt/st/stm32cubeide_1.17.0/plugins/com.st.stm32cube.ide.mcu.externaltools.gnu-tools-for-stm32.12.3.rel1.linux64_1.1.0.202410170702/tools/bin/../lib/gcc/arm-none-eabi/12.3.1/../../../../arm-none-eabi/lib/thumb/v7e-m+fp/hard/libc_nano.a(libc_a-mlock.o)
                0x08001de8                __malloc_unlock
 .text.__sflush_r
                0x08001df4      0x108 /opt/st/stm32cubeide_1.17.0/plugins/com.st.stm32cube.ide.mcu.externaltools.gnu-tools-for-stm32.12.3.rel1.linux64_1.1.0.202410170702/tools/bin/../lib/gcc/arm-none-eabi/12.3.1/../../../../arm-none-eabi/lib/thumb/v7e-m+fp/hard/libc_nano.a(libc_a-fflush.o)
                0x08001df4                __sflush_r
 .text._fflush_r
                0x08001efc       0x50 /opt/st/stm32cubeide_1.17.0/plugins/com.st.stm32cube.ide.mcu.externaltools.gnu-tools-for-stm32.12.3.rel1.linux64_1.1.0.202410170702/tools/bin/../lib/gcc/arm-none-eabi/12.3.1/../../../../arm-none-eabi/lib/thumb/v7e-m+fp/hard/libc_nano.a(libc_a-fflush.o)
                0x08001efc                _fflush_r
 .text.__swhatbuf_r
                0x08001f4c       0x4c /opt/st/stm32cubeide_1.17.0/plugins/com.st.stm32cube.ide.mcu.externaltools.gnu-tools-for-stm32.12.3.rel1.linux64_1.1.0.202410170702/tools/bin/../lib/gcc/arm-none-eabi/12.3.1/../../../../arm-none-eabi/lib/thumb/v7e-m+fp/hard/libc_nano.a(libc_a-makebuf.o)
                0x08001f4c                __swhatbuf_r
 .text.__smakebuf_r
                0x08001f98       0x78 /opt/st/stm32cubeide_1.17.0/plugins/com.st.stm32cube.ide.mcu.externaltools.gnu-tools-for-stm32.12.3.rel1.linux64_1.1.0.202410170702/tools/bin/../lib/gcc/arm-none-eabi/12.3.1/../../../../arm-none-eabi/lib/thumb/v7e-m+fp/hard/libc_nano.a(libc_a-makebuf.o)
                0x08001f98                __smakebuf_r
 .text._fstat_r
                0x08002010       0x24 /opt/st/stm32cubeide_1.17.0/plugins/com.st.stm32cube.ide.mcu.externaltools.gnu-tools-for-stm32.12.3.rel1.linux64_1.1.0.202410170702/tools/bin/../lib/gcc/arm-none-eabi/12.3.1/../../../../arm-none-eabi/lib/thumb/v7e-m+fp/hard/libc_nano.a(libc_a-fstatr.o)
                0x08002010                _fstat_r
 .text._isatty_r
                0x08002034       0x20 /opt/st/stm32cubeide_1.17.0/plugins/com.st.stm32cube.ide.mcu.externaltools.gnu-tools-for-stm32.12.3.rel1.linux64_1.1.0.202410170702/tools/bin/../lib/gcc/arm-none-eabi/12.3.1/../../../../arm-none-eabi/lib/thumb/v7e-m+fp/hard/libc_nano.a(libc_a-isattyr.o)
                0x08002034                _isatty_r
 .text._sbrk_r  0x08002054       0x20 /opt/st/stm32cubeide_1.17.0/plugins/com.st.stm32cube.ide.mcu.externaltools.gnu-tools-for-stm32.12.3.rel1.linux64_1.1.0.202410170702/tools/bin/../lib/gcc/arm-none-eabi/12.3.1/../../../../arm-none-eabi/lib/thumb/v7e-m+fp/hard/libc_nano.a(libc_a-sbrkr.o)
                0x08002054                _sbrk_r
 *(.glue_7)
 .glue_7        0x08002074        0x0 linker stubs
 *(.glue_7t)
 .glue_7t       0x08002074        0x0 linker stubs
 *(.eh_frame)
 .eh_frame      0x08002074        0x0 /opt/st/stm32cubeide_1.17.0/plugins/com.st.stm32cube.ide.mcu.externaltools.gnu-tools-for-stm32.12.3.rel1.linux64_1.1.0.202410170702/tools/bin/../lib/gcc/arm-none-eabi/12.3.1/thumb/v7e-m+fp/hard/crtbegin.o
 *(.init)
 .init          0x08002074        0x4 /opt/st/stm32cubeide_1.17.0/plugins/com.st.stm32cube.ide.mcu.externaltools.gnu-tools-for-stm32.12.3.rel1.linux64_1.1.0.202410170702/tools/bin/../lib/gcc/arm-none-eabi/12.3.1/thumb/v7e-m+fp/hard/crti.o
                0x08002074                _init
 .init          0x08002078        0x8 /opt/st/stm32cubeide_1.17.0/plugins/com.st.stm32cube.ide.mcu.externaltools.gnu-tools-for-stm32.12.3.rel1.linux64_1.1.0.202410170702/tools/bin/../lib/gcc/arm-none-eabi/12.3.1/thumb/v7e-m+fp/hard/crtn.o
 *(.fini)
 .fini          0x08002080        0x4 /opt/st/stm32cubeide_1.17.0/plugins/com.st.stm32cube.ide.mcu.externaltools.gnu-tools-for-stm32.12.3.rel1.linux64_1.1.0.202410170702/tools/bin/../lib/gcc/arm-none-eabi/12.3.1/thumb/v7e-m+fp/hard/crti.o
                0x08002080                _fini
 .fini          0x08002084        0x8 /opt/st/stm32cubeide_1.17.0/plugins/com.st.stm32cube.ide.mcu.externaltools.gnu-tools-for-stm32.12.3.rel1.linux64_1.1.0.202410170702/tools/bin/../lib/gcc/arm-none-eabi/12.3.1/thumb/v7e-m+fp/hard/crtn.o
                0x0800208c                        . = ALIGN (0x4)
                0x0800208c                        _etext = .

.vfp11_veneer   0x0800208c        0x0
 .vfp11_veneer  0x0800208c        0x0 linker stubs

.v4_bx          0x0800208c        0x0
 .v4_bx         0x0800208c        0x0 linker stubs

.iplt           0x0800208c        0x0
 .iplt          0x0800208c        0x0 /opt/st/stm32cubeide_1.17.0/plugins/com.st.stm32cube.ide.mcu.externaltools.gnu-tools-for-stm32.12.3.rel1.linux64_1.1.0.202410170702/tools/bin/../lib/gcc/arm-none-eabi/12.3.1/thumb/v7e-m+fp/hard/crtbegin.o

.rodata         0x0800208c       0x68
                0x0800208c                        . = ALIGN (0x4)
 *(.rodata)
 .rodata        0x0800208c       0x66 ./usb2uartApp/usb2uartApp.o
 *(.rodata*)
                0x080020f4                        . = ALIGN (0x4)
 *fill*         0x080020f2        0x2 

.ARM.extab      0x080020f4        0x0
                0x080020f4                        . = ALIGN (0x4)
 *(.ARM.extab* .gnu.linkonce.armextab.*)
                0x080020f4                        . = ALIGN (0x4)

.ARM            0x080020f4        0x0
                0x080020f4                        . = ALIGN (0x4)
                0x080020f4                        __exidx_start = .
 *(.ARM.exidx*)
                0x080020f4                        __exidx_end = .
                0x080020f4                        . = ALIGN (0x4)

.preinit_array  0x080020f4        0x0
                0x080020f4                        . = ALIGN (0x4)
                0x080020f4                        PROVIDE (__preinit_array_start = .)
 *(.preinit_array*)
                0x080020f4                        PROVIDE (__preinit_array_end = .)
                0x080020f4                        . = ALIGN (0x4)

.init_array     0x080020f4        0x4
                0x080020f4                        . = ALIGN (0x4)
                0x080020f4                        PROVIDE (__init_array_start = .)
 *(SORT_BY_NAME(.init_array.*))
 *(.init_array*)
 .init_array    0x080020f4        0x4 /opt/st/stm32cubeide_1.17.0/plugins/com.st.stm32cube.ide.mcu.externaltools.gnu-tools-for-stm32.12.3.rel1.linux64_1.1.0.202410170702/tools/bin/../lib/gcc/arm-none-eabi/12.3.1/thumb/v7e-m+fp/hard/crtbegin.o
                0x080020f8                        PROVIDE (__init_array_end = .)
                0x080020f8                        . = ALIGN (0x4)

.fini_array     0x080020f8        0x4
                0x080020f8                        . = ALIGN (0x4)
                [!provide]                        PROVIDE (__fini_array_start = .)
 *(SORT_BY_NAME(.fini_array.*))
 *(.fini_array*)
 .fini_array    0x080020f8        0x4 /opt/st/stm32cubeide_1.17.0/plugins/com.st.stm32cube.ide.mcu.externaltools.gnu-tools-for-stm32.12.3.rel1.linux64_1.1.0.202410170702/tools/bin/../lib/gcc/arm-none-eabi/12.3.1/thumb/v7e-m+fp/hard/crtbegin.o
                [!provide]                        PROVIDE (__fini_array_end = .)
                0x080020fc                        . = ALIGN (0x4)
                0x080020fc                        _sidata = LOADADDR (.data)

.rel.dyn        0x080020fc        0x0
 .rel.iplt      0x080020fc        0x0 /opt/st/stm32cubeide_1.17.0/plugins/com.st.stm32cube.ide.mcu.externaltools.gnu-tools-for-stm32.12.3.rel1.linux64_1.1.0.202410170702/tools/bin/../lib/gcc/arm-none-eabi/12.3.1/thumb/v7e-m+fp/hard/crtbegin.o

.data           0x20000000       0x5c load address 0x080020fc
                0x20000000                        . = ALIGN (0x4)
                0x20000000                        _sdata = .
 *(.data)
 *(.data*)
 .data.__sglue  0x20000000        0xc /opt/st/stm32cubeide_1.17.0/plugins/com.st.stm32cube.ide.mcu.externaltools.gnu-tools-for-stm32.12.3.rel1.linux64_1.1.0.202410170702/tools/bin/../lib/gcc/arm-none-eabi/12.3.1/../../../../arm-none-eabi/lib/thumb/v7e-m+fp/hard/libc_nano.a(libc_a-findfp.o)
                0x20000000                __sglue
 .data._impure_ptr
                0x2000000c        0x4 /opt/st/stm32cubeide_1.17.0/plugins/com.st.stm32cube.ide.mcu.externaltools.gnu-tools-for-stm32.12.3.rel1.linux64_1.1.0.202410170702/tools/bin/../lib/gcc/arm-none-eabi/12.3.1/../../../../arm-none-eabi/lib/thumb/v7e-m+fp/hard/libc_nano.a(libc_a-impure.o)
                0x2000000c                _impure_ptr
 .data._impure_data
                0x20000010       0x4c /opt/st/stm32cubeide_1.17.0/plugins/com.st.stm32cube.ide.mcu.externaltools.gnu-tools-for-stm32.12.3.rel1.linux64_1.1.0.202410170702/tools/bin/../lib/gcc/arm-none-eabi/12.3.1/../../../../arm-none-eabi/lib/thumb/v7e-m+fp/hard/libc_nano.a(libc_a-impure.o)
                0x20000010                _impure_data
 *(.RamFunc)
 *(.RamFunc*)
                0x2000005c                        . = ALIGN (0x4)
                0x2000005c                        _edata = .
                0x08002158                        _siccmram = LOADADDR (.ccmram)

.igot.plt       0x2000005c        0x0 load address 0x08002158
 .igot.plt      0x2000005c        0x0 /opt/st/stm32cubeide_1.17.0/plugins/com.st.stm32cube.ide.mcu.externaltools.gnu-tools-for-stm32.12.3.rel1.linux64_1.1.0.202410170702/tools/bin/../lib/gcc/arm-none-eabi/12.3.1/thumb/v7e-m+fp/hard/crtbegin.o

.ccmram         0x10000000        0x0 load address 0x08002158
                0x10000000                        . = ALIGN (0x4)
                0x10000000                        _sccmram = .
 *(.ccmram)
 *(.ccmram*)
                0x10000000                        . = ALIGN (0x4)
                0x10000000                        _eccmram = .
                0x10000000                        . = ALIGN (0x4)

.bss            0x2000005c      0x244
                0x2000005c                        _sbss = .
                0x2000005c                        __bss_start__ = _sbss
 *(.bss)
 .bss           0x2000005c       0x1c /opt/st/stm32cubeide_1.17.0/plugins/com.st.stm32cube.ide.mcu.externaltools.gnu-tools-for-stm32.12.3.rel1.linux64_1.1.0.202410170702/tools/bin/../lib/gcc/arm-none-eabi/12.3.1/thumb/v7e-m+fp/hard/crtbegin.o
 *(.bss*)
 .bss.__sbrk_heap_end
                0x20000078        0x4 ./Src/sysmem.o
 .bss.g_timeOutFlag
                0x2000007c        0x4 ./drivers/timer.o
                0x2000007c                g_timeOutFlag
 .bss.serialInputBuffer
                0x20000080       0xc8 ./usb2uartApp/usb2uartApp.o
 .bss.status    0x20000148        0xc ./usb2uartApp/usb2uartApp.o
                0x20000148                status
 .bss.__sf      0x20000154      0x138 /opt/st/stm32cubeide_1.17.0/plugins/com.st.stm32cube.ide.mcu.externaltools.gnu-tools-for-stm32.12.3.rel1.linux64_1.1.0.202410170702/tools/bin/../lib/gcc/arm-none-eabi/12.3.1/../../../../arm-none-eabi/lib/thumb/v7e-m+fp/hard/libc_nano.a(libc_a-findfp.o)
                0x20000154                __sf
 .bss.__stdio_exit_handler
                0x2000028c        0x4 /opt/st/stm32cubeide_1.17.0/plugins/com.st.stm32cube.ide.mcu.externaltools.gnu-tools-for-stm32.12.3.rel1.linux64_1.1.0.202410170702/tools/bin/../lib/gcc/arm-none-eabi/12.3.1/../../../../arm-none-eabi/lib/thumb/v7e-m+fp/hard/libc_nano.a(libc_a-findfp.o)
                0x2000028c                __stdio_exit_handler
 .bss.errno     0x20000290        0x4 /opt/st/stm32cubeide_1.17.0/plugins/com.st.stm32cube.ide.mcu.externaltools.gnu-tools-for-stm32.12.3.rel1.linux64_1.1.0.202410170702/tools/bin/../lib/gcc/arm-none-eabi/12.3.1/../../../../arm-none-eabi/lib/thumb/v7e-m+fp/hard/libc_nano.a(libc_a-reent.o)
                0x20000290                errno
 .bss.__lock___malloc_recursive_mutex
                0x20000294        0x1 /opt/st/stm32cubeide_1.17.0/plugins/com.st.stm32cube.ide.mcu.externaltools.gnu-tools-for-stm32.12.3.rel1.linux64_1.1.0.202410170702/tools/bin/../lib/gcc/arm-none-eabi/12.3.1/../../../../arm-none-eabi/lib/thumb/v7e-m+fp/hard/libc_nano.a(libc_a-lock.o)
                0x20000294                __lock___malloc_recursive_mutex
 .bss.__lock___sfp_recursive_mutex
                0x20000295        0x1 /opt/st/stm32cubeide_1.17.0/plugins/com.st.stm32cube.ide.mcu.externaltools.gnu-tools-for-stm32.12.3.rel1.linux64_1.1.0.202410170702/tools/bin/../lib/gcc/arm-none-eabi/12.3.1/../../../../arm-none-eabi/lib/thumb/v7e-m+fp/hard/libc_nano.a(libc_a-lock.o)
                0x20000295                __lock___sfp_recursive_mutex
 *fill*         0x20000296        0x2 
 .bss.__malloc_sbrk_start
                0x20000298        0x4 /opt/st/stm32cubeide_1.17.0/plugins/com.st.stm32cube.ide.mcu.externaltools.gnu-tools-for-stm32.12.3.rel1.linux64_1.1.0.202410170702/tools/bin/../lib/gcc/arm-none-eabi/12.3.1/../../../../arm-none-eabi/lib/thumb/v7e-m+fp/hard/libc_nano.a(libc_a-mallocr.o)
                0x20000298                __malloc_sbrk_start
 .bss.__malloc_free_list
                0x2000029c        0x4 /opt/st/stm32cubeide_1.17.0/plugins/com.st.stm32cube.ide.mcu.externaltools.gnu-tools-for-stm32.12.3.rel1.linux64_1.1.0.202410170702/tools/bin/../lib/gcc/arm-none-eabi/12.3.1/../../../../arm-none-eabi/lib/thumb/v7e-m+fp/hard/libc_nano.a(libc_a-mallocr.o)
                0x2000029c                __malloc_free_list
 *(COMMON)
                0x200002a0                        . = ALIGN (0x4)
                0x200002a0                        _ebss = .
                0x200002a0                        __bss_end__ = _ebss

._user_heap_stack
                0x200002a0      0x600
                0x200002a0                        . = ALIGN (0x8)
                [!provide]                        PROVIDE (end = .)
                0x200002a0                        PROVIDE (_end = .)
                0x200004a0                        . = (. + _Min_Heap_Size)
 *fill*         0x200002a0      0x200 
                0x200008a0                        . = (. + _Min_Stack_Size)
 *fill*         0x200004a0      0x400 
                0x200008a0                        . = ALIGN (0x8)

/DISCARD/
 libc.a(*)
 libm.a(*)
 libgcc.a(*)

.ARM.attributes
                0x00000000       0x30
 *(.ARM.attributes)
 .ARM.attributes
                0x00000000       0x22 /opt/st/stm32cubeide_1.17.0/plugins/com.st.stm32cube.ide.mcu.externaltools.gnu-tools-for-stm32.12.3.rel1.linux64_1.1.0.202410170702/tools/bin/../lib/gcc/arm-none-eabi/12.3.1/thumb/v7e-m+fp/hard/crti.o
 .ARM.attributes
                0x00000022       0x34 /opt/st/stm32cubeide_1.17.0/plugins/com.st.stm32cube.ide.mcu.externaltools.gnu-tools-for-stm32.12.3.rel1.linux64_1.1.0.202410170702/tools/bin/../lib/gcc/arm-none-eabi/12.3.1/thumb/v7e-m+fp/hard/crtbegin.o
 .ARM.attributes
                0x00000056       0x34 ./Src/main.o
 .ARM.attributes
                0x0000008a       0x34 ./Src/syscalls.o
 .ARM.attributes
                0x000000be       0x34 ./Src/sysmem.o
 .ARM.attributes
                0x000000f2       0x21 ./Startup/startup_stm32f407vgtx.o
 .ARM.attributes
                0x00000113       0x34 ./drivers/gpio.o
 .ARM.attributes
                0x00000147       0x34 ./drivers/i2c.o
 .ARM.attributes
                0x0000017b       0x34 ./drivers/interrupt.o
 .ARM.attributes
                0x000001af       0x34 ./drivers/mcu.o
 .ARM.attributes
                0x000001e3       0x34 ./drivers/timer.o
 .ARM.attributes
                0x00000217       0x34 ./drivers/uart.o
 .ARM.attributes
                0x0000024b       0x34 ./ioExpander/ioExpander.o
 .ARM.attributes
                0x0000027f       0x34 ./usb2uartApp/usb2uartApp.o
 .ARM.attributes
                0x000002b3       0x34 /opt/st/stm32cubeide_1.17.0/plugins/com.st.stm32cube.ide.mcu.externaltools.gnu-tools-for-stm32.12.3.rel1.linux64_1.1.0.202410170702/tools/bin/../lib/gcc/arm-none-eabi/12.3.1/../../../../arm-none-eabi/lib/thumb/v7e-m+fp/hard/libc_nano.a(libc_a-findfp.o)
 .ARM.attributes
                0x000002e7       0x34 /opt/st/stm32cubeide_1.17.0/plugins/com.st.stm32cube.ide.mcu.externaltools.gnu-tools-for-stm32.12.3.rel1.linux64_1.1.0.202410170702/tools/bin/../lib/gcc/arm-none-eabi/12.3.1/../../../../arm-none-eabi/lib/thumb/v7e-m+fp/hard/libc_nano.a(libc_a-fwalk.o)
 .ARM.attributes
                0x0000031b       0x34 /opt/st/stm32cubeide_1.17.0/plugins/com.st.stm32cube.ide.mcu.externaltools.gnu-tools-for-stm32.12.3.rel1.linux64_1.1.0.202410170702/tools/bin/../lib/gcc/arm-none-eabi/12.3.1/../../../../arm-none-eabi/lib/thumb/v7e-m+fp/hard/libc_nano.a(libc_a-puts.o)
 .ARM.attributes
                0x0000034f       0x34 /opt/st/stm32cubeide_1.17.0/plugins/com.st.stm32cube.ide.mcu.externaltools.gnu-tools-for-stm32.12.3.rel1.linux64_1.1.0.202410170702/tools/bin/../lib/gcc/arm-none-eabi/12.3.1/../../../../arm-none-eabi/lib/thumb/v7e-m+fp/hard/libc_nano.a(libc_a-stdio.o)
 .ARM.attributes
                0x00000383       0x34 /opt/st/stm32cubeide_1.17.0/plugins/com.st.stm32cube.ide.mcu.externaltools.gnu-tools-for-stm32.12.3.rel1.linux64_1.1.0.202410170702/tools/bin/../lib/gcc/arm-none-eabi/12.3.1/../../../../arm-none-eabi/lib/thumb/v7e-m+fp/hard/libc_nano.a(libc_a-wbuf.o)
 .ARM.attributes
                0x000003b7       0x34 /opt/st/stm32cubeide_1.17.0/plugins/com.st.stm32cube.ide.mcu.externaltools.gnu-tools-for-stm32.12.3.rel1.linux64_1.1.0.202410170702/tools/bin/../lib/gcc/arm-none-eabi/12.3.1/../../../../arm-none-eabi/lib/thumb/v7e-m+fp/hard/libc_nano.a(libc_a-wsetup.o)
 .ARM.attributes
                0x000003eb       0x34 /opt/st/stm32cubeide_1.17.0/plugins/com.st.stm32cube.ide.mcu.externaltools.gnu-tools-for-stm32.12.3.rel1.linux64_1.1.0.202410170702/tools/bin/../lib/gcc/arm-none-eabi/12.3.1/../../../../arm-none-eabi/lib/thumb/v7e-m+fp/hard/libc_nano.a(libc_a-memset.o)
 .ARM.attributes
                0x0000041f       0x34 /opt/st/stm32cubeide_1.17.0/plugins/com.st.stm32cube.ide.mcu.externaltools.gnu-tools-for-stm32.12.3.rel1.linux64_1.1.0.202410170702/tools/bin/../lib/gcc/arm-none-eabi/12.3.1/../../../../arm-none-eabi/lib/thumb/v7e-m+fp/hard/libc_nano.a(libc_a-closer.o)
 .ARM.attributes
                0x00000453       0x34 /opt/st/stm32cubeide_1.17.0/plugins/com.st.stm32cube.ide.mcu.externaltools.gnu-tools-for-stm32.12.3.rel1.linux64_1.1.0.202410170702/tools/bin/../lib/gcc/arm-none-eabi/12.3.1/../../../../arm-none-eabi/lib/thumb/v7e-m+fp/hard/libc_nano.a(libc_a-reent.o)
 .ARM.attributes
                0x00000487       0x34 /opt/st/stm32cubeide_1.17.0/plugins/com.st.stm32cube.ide.mcu.externaltools.gnu-tools-for-stm32.12.3.rel1.linux64_1.1.0.202410170702/tools/bin/../lib/gcc/arm-none-eabi/12.3.1/../../../../arm-none-eabi/lib/thumb/v7e-m+fp/hard/libc_nano.a(libc_a-impure.o)
 .ARM.attributes
                0x000004bb       0x34 /opt/st/stm32cubeide_1.17.0/plugins/com.st.stm32cube.ide.mcu.externaltools.gnu-tools-for-stm32.12.3.rel1.linux64_1.1.0.202410170702/tools/bin/../lib/gcc/arm-none-eabi/12.3.1/../../../../arm-none-eabi/lib/thumb/v7e-m+fp/hard/libc_nano.a(libc_a-lseekr.o)
 .ARM.attributes
                0x000004ef       0x34 /opt/st/stm32cubeide_1.17.0/plugins/com.st.stm32cube.ide.mcu.externaltools.gnu-tools-for-stm32.12.3.rel1.linux64_1.1.0.202410170702/tools/bin/../lib/gcc/arm-none-eabi/12.3.1/../../../../arm-none-eabi/lib/thumb/v7e-m+fp/hard/libc_nano.a(libc_a-readr.o)
 .ARM.attributes
                0x00000523       0x34 /opt/st/stm32cubeide_1.17.0/plugins/com.st.stm32cube.ide.mcu.externaltools.gnu-tools-for-stm32.12.3.rel1.linux64_1.1.0.202410170702/tools/bin/../lib/gcc/arm-none-eabi/12.3.1/../../../../arm-none-eabi/lib/thumb/v7e-m+fp/hard/libc_nano.a(libc_a-writer.o)
 .ARM.attributes
                0x00000557       0x34 /opt/st/stm32cubeide_1.17.0/plugins/com.st.stm32cube.ide.mcu.externaltools.gnu-tools-for-stm32.12.3.rel1.linux64_1.1.0.202410170702/tools/bin/../lib/gcc/arm-none-eabi/12.3.1/../../../../arm-none-eabi/lib/thumb/v7e-m+fp/hard/libc_nano.a(libc_a-errno.o)
 .ARM.attributes
                0x0000058b       0x34 /opt/st/stm32cubeide_1.17.0/plugins/com.st.stm32cube.ide.mcu.externaltools.gnu-tools-for-stm32.12.3.rel1.linux64_1.1.0.202410170702/tools/bin/../lib/gcc/arm-none-eabi/12.3.1/../../../../arm-none-eabi/lib/thumb/v7e-m+fp/hard/libc_nano.a(libc_a-init.o)
 .ARM.attributes
                0x000005bf       0x34 /opt/st/stm32cubeide_1.17.0/plugins/com.st.stm32cube.ide.mcu.externaltools.gnu-tools-for-stm32.12.3.rel1.linux64_1.1.0.202410170702/tools/bin/../lib/gcc/arm-none-eabi/12.3.1/../../../../arm-none-eabi/lib/thumb/v7e-m+fp/hard/libc_nano.a(libc_a-lock.o)
 .ARM.attributes
                0x000005f3       0x34 /opt/st/stm32cubeide_1.17.0/plugins/com.st.stm32cube.ide.mcu.externaltools.gnu-tools-for-stm32.12.3.rel1.linux64_1.1.0.202410170702/tools/bin/../lib/gcc/arm-none-eabi/12.3.1/../../../../arm-none-eabi/lib/thumb/v7e-m+fp/hard/libc_nano.a(libc_a-freer.o)
 .ARM.attributes
                0x00000627       0x34 /opt/st/stm32cubeide_1.17.0/plugins/com.st.stm32cube.ide.mcu.externaltools.gnu-tools-for-stm32.12.3.rel1.linux64_1.1.0.202410170702/tools/bin/../lib/gcc/arm-none-eabi/12.3.1/../../../../arm-none-eabi/lib/thumb/v7e-m+fp/hard/libc_nano.a(libc_a-mallocr.o)
 .ARM.attributes
                0x0000065b       0x34 /opt/st/stm32cubeide_1.17.0/plugins/com.st.stm32cube.ide.mcu.externaltools.gnu-tools-for-stm32.12.3.rel1.linux64_1.1.0.202410170702/tools/bin/../lib/gcc/arm-none-eabi/12.3.1/../../../../arm-none-eabi/lib/thumb/v7e-m+fp/hard/libc_nano.a(libc_a-mlock.o)
 .ARM.attributes
                0x0000068f       0x34 /opt/st/stm32cubeide_1.17.0/plugins/com.st.stm32cube.ide.mcu.externaltools.gnu-tools-for-stm32.12.3.rel1.linux64_1.1.0.202410170702/tools/bin/../lib/gcc/arm-none-eabi/12.3.1/../../../../arm-none-eabi/lib/thumb/v7e-m+fp/hard/libc_nano.a(libc_a-fflush.o)
 .ARM.attributes
                0x000006c3       0x34 /opt/st/stm32cubeide_1.17.0/plugins/com.st.stm32cube.ide.mcu.externaltools.gnu-tools-for-stm32.12.3.rel1.linux64_1.1.0.202410170702/tools/bin/../lib/gcc/arm-none-eabi/12.3.1/../../../../arm-none-eabi/lib/thumb/v7e-m+fp/hard/libc_nano.a(libc_a-makebuf.o)
 .ARM.attributes
                0x000006f7       0x34 /opt/st/stm32cubeide_1.17.0/plugins/com.st.stm32cube.ide.mcu.externaltools.gnu-tools-for-stm32.12.3.rel1.linux64_1.1.0.202410170702/tools/bin/../lib/gcc/arm-none-eabi/12.3.1/../../../../arm-none-eabi/lib/thumb/v7e-m+fp/hard/libc_nano.a(libc_a-fstatr.o)
 .ARM.attributes
                0x0000072b       0x34 /opt/st/stm32cubeide_1.17.0/plugins/com.st.stm32cube.ide.mcu.externaltools.gnu-tools-for-stm32.12.3.rel1.linux64_1.1.0.202410170702/tools/bin/../lib/gcc/arm-none-eabi/12.3.1/../../../../arm-none-eabi/lib/thumb/v7e-m+fp/hard/libc_nano.a(libc_a-isattyr.o)
 .ARM.attributes
                0x0000075f       0x34 /opt/st/stm32cubeide_1.17.0/plugins/com.st.stm32cube.ide.mcu.externaltools.gnu-tools-for-stm32.12.3.rel1.linux64_1.1.0.202410170702/tools/bin/../lib/gcc/arm-none-eabi/12.3.1/../../../../arm-none-eabi/lib/thumb/v7e-m+fp/hard/libc_nano.a(libc_a-sbrkr.o)
 .ARM.attributes
                0x00000793       0x22 /opt/st/stm32cubeide_1.17.0/plugins/com.st.stm32cube.ide.mcu.externaltools.gnu-tools-for-stm32.12.3.rel1.linux64_1.1.0.202410170702/tools/bin/../lib/gcc/arm-none-eabi/12.3.1/thumb/v7e-m+fp/hard/crtn.o
OUTPUT(PROJECT_01.elf elf32-littlearm)
LOAD linker stubs
LOAD /opt/st/stm32cubeide_1.17.0/plugins/com.st.stm32cube.ide.mcu.externaltools.gnu-tools-for-stm32.12.3.rel1.linux64_1.1.0.202410170702/tools/bin/../lib/gcc/arm-none-eabi/12.3.1/../../../../arm-none-eabi/lib/thumb/v7e-m+fp/hard/libc.a
LOAD /opt/st/stm32cubeide_1.17.0/plugins/com.st.stm32cube.ide.mcu.externaltools.gnu-tools-for-stm32.12.3.rel1.linux64_1.1.0.202410170702/tools/bin/../lib/gcc/arm-none-eabi/12.3.1/../../../../arm-none-eabi/lib/thumb/v7e-m+fp/hard/libm.a
LOAD /opt/st/stm32cubeide_1.17.0/plugins/com.st.stm32cube.ide.mcu.externaltools.gnu-tools-for-stm32.12.3.rel1.linux64_1.1.0.202410170702/tools/bin/../lib/gcc/arm-none-eabi/12.3.1/thumb/v7e-m+fp/hard/libgcc.a

.debug_info     0x00000000     0x33cd
 .debug_info    0x00000000      0x22f ./Src/main.o
 .debug_info    0x0000022f      0x6a3 ./Src/syscalls.o
 .debug_info    0x000008d2      0x168 ./Src/sysmem.o
 .debug_info    0x00000a3a       0x30 ./Startup/startup_stm32f407vgtx.o
 .debug_info    0x00000a6a      0x63f ./drivers/gpio.o
 .debug_info    0x000010a9      0x52c ./drivers/i2c.o
 .debug_info    0x000015d5       0xfd ./drivers/interrupt.o
 .debug_info    0x000016d2      0x352 ./drivers/mcu.o
 .debug_info    0x00001a24      0x4a7 ./drivers/timer.o
 .debug_info    0x00001ecb      0x7ab ./drivers/uart.o
 .debug_info    0x00002676      0x3e2 ./ioExpander/ioExpander.o
 .debug_info    0x00002a58      0x975 ./usb2uartApp/usb2uartApp.o

.debug_abbrev   0x00000000      0xf0b
 .debug_abbrev  0x00000000      0x11c ./Src/main.o
 .debug_abbrev  0x0000011c      0x1b6 ./Src/syscalls.o
 .debug_abbrev  0x000002d2       0xbc ./Src/sysmem.o
 .debug_abbrev  0x0000038e       0x24 ./Startup/startup_stm32f407vgtx.o
 .debug_abbrev  0x000003b2      0x179 ./drivers/gpio.o
 .debug_abbrev  0x0000052b      0x1a1 ./drivers/i2c.o
 .debug_abbrev  0x000006cc       0x85 ./drivers/interrupt.o
 .debug_abbrev  0x00000751      0x103 ./drivers/mcu.o
 .debug_abbrev  0x00000854      0x16a ./drivers/timer.o
 .debug_abbrev  0x000009be      0x1d3 ./drivers/uart.o
 .debug_abbrev  0x00000b91      0x165 ./ioExpander/ioExpander.o
 .debug_abbrev  0x00000cf6      0x215 ./usb2uartApp/usb2uartApp.o

.debug_aranges  0x00000000      0x370
 .debug_aranges
                0x00000000       0x28 ./Src/main.o
 .debug_aranges
                0x00000028       0xa8 ./Src/syscalls.o
 .debug_aranges
                0x000000d0       0x20 ./Src/sysmem.o
 .debug_aranges
                0x000000f0       0x28 ./Startup/startup_stm32f407vgtx.o
 .debug_aranges
                0x00000118       0x58 ./drivers/gpio.o
 .debug_aranges
                0x00000170       0x50 ./drivers/i2c.o
 .debug_aranges
                0x000001c0       0x28 ./drivers/interrupt.o
 .debug_aranges
                0x000001e8       0x30 ./drivers/mcu.o
 .debug_aranges
                0x00000218       0x60 ./drivers/timer.o
 .debug_aranges
                0x00000278       0x70 ./drivers/uart.o
 .debug_aranges
                0x000002e8       0x30 ./ioExpander/ioExpander.o
 .debug_aranges
                0x00000318       0x58 ./usb2uartApp/usb2uartApp.o

.debug_rnglists
                0x00000000      0x262
 .debug_rnglists
                0x00000000       0x19 ./Src/main.o
 .debug_rnglists
                0x00000019       0x79 ./Src/syscalls.o
 .debug_rnglists
                0x00000092       0x13 ./Src/sysmem.o
 .debug_rnglists
                0x000000a5       0x19 ./Startup/startup_stm32f407vgtx.o
 .debug_rnglists
                0x000000be       0x3f ./drivers/gpio.o
 .debug_rnglists
                0x000000fd       0x38 ./drivers/i2c.o
 .debug_rnglists
                0x00000135       0x1b ./drivers/interrupt.o
 .debug_rnglists
                0x00000150       0x20 ./drivers/mcu.o
 .debug_rnglists
                0x00000170       0x43 ./drivers/timer.o
 .debug_rnglists
                0x000001b3       0x52 ./drivers/uart.o
 .debug_rnglists
                0x00000205       0x1f ./ioExpander/ioExpander.o
 .debug_rnglists
                0x00000224       0x3e ./usb2uartApp/usb2uartApp.o

.debug_macro    0x00000000     0x3ee2
 .debug_macro   0x00000000      0x1da ./Src/main.o
 .debug_macro   0x000001da      0xac0 ./Src/main.o
 .debug_macro   0x00000c9a       0x22 ./Src/main.o
 .debug_macro   0x00000cbc       0x8e ./Src/main.o
 .debug_macro   0x00000d4a       0x51 ./Src/main.o
 .debug_macro   0x00000d9b      0x103 ./Src/main.o
 .debug_macro   0x00000e9e       0x6a ./Src/main.o
 .debug_macro   0x00000f08      0x1df ./Src/main.o
 .debug_macro   0x000010e7       0x61 ./Src/main.o
 .debug_macro   0x00001148       0x2a ./Src/main.o
 .debug_macro   0x00001172       0x43 ./Src/main.o
 .debug_macro   0x000011b5       0x34 ./Src/main.o
 .debug_macro   0x000011e9      0x189 ./Src/main.o
 .debug_macro   0x00001372       0x16 ./Src/main.o
 .debug_macro   0x00001388       0x43 ./Src/main.o
 .debug_macro   0x000013cb       0x34 ./Src/main.o
 .debug_macro   0x000013ff       0x10 ./Src/main.o
 .debug_macro   0x0000140f       0x58 ./Src/main.o
 .debug_macro   0x00001467       0x8e ./Src/main.o
 .debug_macro   0x000014f5       0x1c ./Src/main.o
 .debug_macro   0x00001511      0x177 ./Src/main.o
 .debug_macro   0x00001688      0x369 ./Src/main.o
 .debug_macro   0x000019f1       0x10 ./Src/main.o
 .debug_macro   0x00001a01       0x35 ./Src/main.o
 .debug_macro   0x00001a36       0x20 ./Src/main.o
 .debug_macro   0x00001a56       0x1c ./Src/main.o
 .debug_macro   0x00001a72       0x10 ./Src/main.o
 .debug_macro   0x00001a82       0x1c ./Src/main.o
 .debug_macro   0x00001a9e       0x16 ./Src/main.o
 .debug_macro   0x00001ab4      0x146 ./Src/main.o
 .debug_macro   0x00001bfa      0x22c ./Src/main.o
 .debug_macro   0x00001e26       0xb2 ./Src/main.o
 .debug_macro   0x00001ed8      0x2ec ./Src/main.o
 .debug_macro   0x000021c4       0x22 ./Src/main.o
 .debug_macro   0x000021e6      0x274 ./Src/syscalls.o
 .debug_macro   0x0000245a       0x5b ./Src/syscalls.o
 .debug_macro   0x000024b5       0x94 ./Src/syscalls.o
 .debug_macro   0x00002549       0x57 ./Src/syscalls.o
 .debug_macro   0x000025a0       0x10 ./Src/syscalls.o
 .debug_macro   0x000025b0       0x10 ./Src/syscalls.o
 .debug_macro   0x000025c0       0x10 ./Src/syscalls.o
 .debug_macro   0x000025d0       0x10 ./Src/syscalls.o
 .debug_macro   0x000025e0       0x1c ./Src/syscalls.o
 .debug_macro   0x000025fc       0x52 ./Src/syscalls.o
 .debug_macro   0x0000264e       0x22 ./Src/syscalls.o
 .debug_macro   0x00002670       0x10 ./Src/syscalls.o
 .debug_macro   0x00002680       0x52 ./Src/syscalls.o
 .debug_macro   0x000026d2       0xcf ./Src/syscalls.o
 .debug_macro   0x000027a1       0x1c ./Src/syscalls.o
 .debug_macro   0x000027bd       0x3d ./Src/syscalls.o
 .debug_macro   0x000027fa       0x35 ./Src/syscalls.o
 .debug_macro   0x0000282f      0x12c ./Src/syscalls.o
 .debug_macro   0x0000295b       0x16 ./Src/syscalls.o
 .debug_macro   0x00002971       0x16 ./Src/syscalls.o
 .debug_macro   0x00002987       0x29 ./Src/syscalls.o
 .debug_macro   0x000029b0       0x10 ./Src/syscalls.o
 .debug_macro   0x000029c0      0x242 ./Src/syscalls.o
 .debug_macro   0x00002c02       0x10 ./Src/syscalls.o
 .debug_macro   0x00002c12      0x18a ./Src/syscalls.o
 .debug_macro   0x00002d9c       0x16 ./Src/syscalls.o
 .debug_macro   0x00002db2       0xce ./Src/syscalls.o
 .debug_macro   0x00002e80       0xff ./Src/sysmem.o
 .debug_macro   0x00002f7f      0x23c ./Src/sysmem.o
 .debug_macro   0x000031bb      0x196 ./drivers/gpio.o
 .debug_macro   0x00003351      0x191 ./drivers/i2c.o
 .debug_macro   0x000034e2      0x187 ./drivers/interrupt.o
 .debug_macro   0x00003669      0x1a9 ./drivers/mcu.o
 .debug_macro   0x00003812      0x195 ./drivers/timer.o
 .debug_macro   0x000039a7      0x187 ./drivers/uart.o
 .debug_macro   0x00003b2e      0x1da ./ioExpander/ioExpander.o
 .debug_macro   0x00003d08      0x1da ./usb2uartApp/usb2uartApp.o

.debug_line     0x00000000     0x4a71
 .debug_line    0x00000000      0x5ec ./Src/main.o
 .debug_line    0x000005ec      0x7d8 ./Src/syscalls.o
 .debug_line    0x00000dc4      0x4a9 ./Src/sysmem.o
 .debug_line    0x0000126d       0x7b ./Startup/startup_stm32f407vgtx.o
 .debug_line    0x000012e8      0x80b ./drivers/gpio.o
 .debug_line    0x00001af3      0x6fe ./drivers/i2c.o
 .debug_line    0x000021f1      0x59d ./drivers/interrupt.o
 .debug_line    0x0000278e      0x582 ./drivers/mcu.o
 .debug_line    0x00002d10      0x610 ./drivers/timer.o
 .debug_line    0x00003320      0x7ec ./drivers/uart.o
 .debug_line    0x00003b0c      0x62b ./ioExpander/ioExpander.o
 .debug_line    0x00004137      0x93a ./usb2uartApp/usb2uartApp.o

.debug_str      0x00000000     0xcd4c
 .debug_str     0x00000000     0x985f ./Src/main.o
                               0x9a62 (size before relaxing)
 .debug_str     0x0000985f     0x20a8 ./Src/syscalls.o
                               0x98cb (size before relaxing)
 .debug_str     0x0000b907       0x66 ./Src/sysmem.o
                               0x60e3 (size before relaxing)
 .debug_str     0x0000b96d       0x3f ./Startup/startup_stm32f407vgtx.o
                                 0x80 (size before relaxing)
 .debug_str     0x0000b9ac      0x31a ./drivers/gpio.o
                               0x89e7 (size before relaxing)
 .debug_str     0x0000bcc6      0x18c ./drivers/i2c.o
                               0x8786 (size before relaxing)
 .debug_str     0x0000be52       0x30 ./drivers/interrupt.o
                               0x8515 (size before relaxing)
 .debug_str     0x0000be82      0x137 ./drivers/mcu.o
                               0x8721 (size before relaxing)
 .debug_str     0x0000bfb9       0xd9 ./drivers/timer.o
                               0x8787 (size before relaxing)
 .debug_str     0x0000c092      0x5ef ./drivers/uart.o
                               0x8c01 (size before relaxing)
 .debug_str     0x0000c681       0x6b ./ioExpander/ioExpander.o
                               0x9b34 (size before relaxing)
 .debug_str     0x0000c6ec      0x660 ./usb2uartApp/usb2uartApp.o
                               0xa44f (size before relaxing)

.comment        0x00000000       0x43
 .comment       0x00000000       0x43 ./Src/main.o
                                 0x44 (size before relaxing)
 .comment       0x00000043       0x44 ./Src/syscalls.o
 .comment       0x00000043       0x44 ./Src/sysmem.o
 .comment       0x00000043       0x44 ./drivers/gpio.o
 .comment       0x00000043       0x44 ./drivers/i2c.o
 .comment       0x00000043       0x44 ./drivers/interrupt.o
 .comment       0x00000043       0x44 ./drivers/mcu.o
 .comment       0x00000043       0x44 ./drivers/timer.o
 .comment       0x00000043       0x44 ./drivers/uart.o
 .comment       0x00000043       0x44 ./ioExpander/ioExpander.o
 .comment       0x00000043       0x44 ./usb2uartApp/usb2uartApp.o

.debug_frame    0x00000000     0x11f4
 .debug_frame   0x00000000       0x54 ./Src/main.o
 .debug_frame   0x00000054      0x2ac ./Src/syscalls.o
 .debug_frame   0x00000300       0x34 ./Src/sysmem.o
 .debug_frame   0x00000334      0x14c ./drivers/gpio.o
 .debug_frame   0x00000480      0x124 ./drivers/i2c.o
 .debug_frame   0x000005a4       0x60 ./drivers/interrupt.o
 .debug_frame   0x00000604       0x84 ./drivers/mcu.o
 .debug_frame   0x00000688      0x160 ./drivers/timer.o
 .debug_frame   0x000007e8      0x1b8 ./drivers/uart.o
 .debug_frame   0x000009a0       0x7c ./ioExpander/ioExpander.o
 .debug_frame   0x00000a1c      0x13c ./usb2uartApp/usb2uartApp.o
 .debug_frame   0x00000b58      0x144 /opt/st/stm32cubeide_1.17.0/plugins/com.st.stm32cube.ide.mcu.externaltools.gnu-tools-for-stm32.12.3.rel1.linux64_1.1.0.202410170702/tools/bin/../lib/gcc/arm-none-eabi/12.3.1/../../../../arm-none-eabi/lib/thumb/v7e-m+fp/hard/libc_nano.a(libc_a-findfp.o)
 .debug_frame   0x00000c9c       0x34 /opt/st/stm32cubeide_1.17.0/plugins/com.st.stm32cube.ide.mcu.externaltools.gnu-tools-for-stm32.12.3.rel1.linux64_1.1.0.202410170702/tools/bin/../lib/gcc/arm-none-eabi/12.3.1/../../../../arm-none-eabi/lib/thumb/v7e-m+fp/hard/libc_nano.a(libc_a-fwalk.o)
 .debug_frame   0x00000cd0       0x3c /opt/st/stm32cubeide_1.17.0/plugins/com.st.stm32cube.ide.mcu.externaltools.gnu-tools-for-stm32.12.3.rel1.linux64_1.1.0.202410170702/tools/bin/../lib/gcc/arm-none-eabi/12.3.1/../../../../arm-none-eabi/lib/thumb/v7e-m+fp/hard/libc_nano.a(libc_a-puts.o)
 .debug_frame   0x00000d0c       0x88 /opt/st/stm32cubeide_1.17.0/plugins/com.st.stm32cube.ide.mcu.externaltools.gnu-tools-for-stm32.12.3.rel1.linux64_1.1.0.202410170702/tools/bin/../lib/gcc/arm-none-eabi/12.3.1/../../../../arm-none-eabi/lib/thumb/v7e-m+fp/hard/libc_nano.a(libc_a-stdio.o)
 .debug_frame   0x00000d94       0x40 /opt/st/stm32cubeide_1.17.0/plugins/com.st.stm32cube.ide.mcu.externaltools.gnu-tools-for-stm32.12.3.rel1.linux64_1.1.0.202410170702/tools/bin/../lib/gcc/arm-none-eabi/12.3.1/../../../../arm-none-eabi/lib/thumb/v7e-m+fp/hard/libc_nano.a(libc_a-wbuf.o)
 .debug_frame   0x00000dd4       0x2c /opt/st/stm32cubeide_1.17.0/plugins/com.st.stm32cube.ide.mcu.externaltools.gnu-tools-for-stm32.12.3.rel1.linux64_1.1.0.202410170702/tools/bin/../lib/gcc/arm-none-eabi/12.3.1/../../../../arm-none-eabi/lib/thumb/v7e-m+fp/hard/libc_nano.a(libc_a-wsetup.o)
 .debug_frame   0x00000e00       0x20 /opt/st/stm32cubeide_1.17.0/plugins/com.st.stm32cube.ide.mcu.externaltools.gnu-tools-for-stm32.12.3.rel1.linux64_1.1.0.202410170702/tools/bin/../lib/gcc/arm-none-eabi/12.3.1/../../../../arm-none-eabi/lib/thumb/v7e-m+fp/hard/libc_nano.a(libc_a-memset.o)
 .debug_frame   0x00000e20       0x2c /opt/st/stm32cubeide_1.17.0/plugins/com.st.stm32cube.ide.mcu.externaltools.gnu-tools-for-stm32.12.3.rel1.linux64_1.1.0.202410170702/tools/bin/../lib/gcc/arm-none-eabi/12.3.1/../../../../arm-none-eabi/lib/thumb/v7e-m+fp/hard/libc_nano.a(libc_a-closer.o)
 .debug_frame   0x00000e4c       0x38 /opt/st/stm32cubeide_1.17.0/plugins/com.st.stm32cube.ide.mcu.externaltools.gnu-tools-for-stm32.12.3.rel1.linux64_1.1.0.202410170702/tools/bin/../lib/gcc/arm-none-eabi/12.3.1/../../../../arm-none-eabi/lib/thumb/v7e-m+fp/hard/libc_nano.a(libc_a-reent.o)
 .debug_frame   0x00000e84       0x2c /opt/st/stm32cubeide_1.17.0/plugins/com.st.stm32cube.ide.mcu.externaltools.gnu-tools-for-stm32.12.3.rel1.linux64_1.1.0.202410170702/tools/bin/../lib/gcc/arm-none-eabi/12.3.1/../../../../arm-none-eabi/lib/thumb/v7e-m+fp/hard/libc_nano.a(libc_a-lseekr.o)
 .debug_frame   0x00000eb0       0x2c /opt/st/stm32cubeide_1.17.0/plugins/com.st.stm32cube.ide.mcu.externaltools.gnu-tools-for-stm32.12.3.rel1.linux64_1.1.0.202410170702/tools/bin/../lib/gcc/arm-none-eabi/12.3.1/../../../../arm-none-eabi/lib/thumb/v7e-m+fp/hard/libc_nano.a(libc_a-readr.o)
 .debug_frame   0x00000edc       0x2c /opt/st/stm32cubeide_1.17.0/plugins/com.st.stm32cube.ide.mcu.externaltools.gnu-tools-for-stm32.12.3.rel1.linux64_1.1.0.202410170702/tools/bin/../lib/gcc/arm-none-eabi/12.3.1/../../../../arm-none-eabi/lib/thumb/v7e-m+fp/hard/libc_nano.a(libc_a-writer.o)
 .debug_frame   0x00000f08       0x20 /opt/st/stm32cubeide_1.17.0/plugins/com.st.stm32cube.ide.mcu.externaltools.gnu-tools-for-stm32.12.3.rel1.linux64_1.1.0.202410170702/tools/bin/../lib/gcc/arm-none-eabi/12.3.1/../../../../arm-none-eabi/lib/thumb/v7e-m+fp/hard/libc_nano.a(libc_a-errno.o)
 .debug_frame   0x00000f28       0x2c /opt/st/stm32cubeide_1.17.0/plugins/com.st.stm32cube.ide.mcu.externaltools.gnu-tools-for-stm32.12.3.rel1.linux64_1.1.0.202410170702/tools/bin/../lib/gcc/arm-none-eabi/12.3.1/../../../../arm-none-eabi/lib/thumb/v7e-m+fp/hard/libc_nano.a(libc_a-init.o)
 .debug_frame   0x00000f54       0xb0 /opt/st/stm32cubeide_1.17.0/plugins/com.st.stm32cube.ide.mcu.externaltools.gnu-tools-for-stm32.12.3.rel1.linux64_1.1.0.202410170702/tools/bin/../lib/gcc/arm-none-eabi/12.3.1/../../../../arm-none-eabi/lib/thumb/v7e-m+fp/hard/libc_nano.a(libc_a-lock.o)
 .debug_frame   0x00001004       0x38 /opt/st/stm32cubeide_1.17.0/plugins/com.st.stm32cube.ide.mcu.externaltools.gnu-tools-for-stm32.12.3.rel1.linux64_1.1.0.202410170702/tools/bin/../lib/gcc/arm-none-eabi/12.3.1/../../../../arm-none-eabi/lib/thumb/v7e-m+fp/hard/libc_nano.a(libc_a-freer.o)
 .debug_frame   0x0000103c       0x50 /opt/st/stm32cubeide_1.17.0/plugins/com.st.stm32cube.ide.mcu.externaltools.gnu-tools-for-stm32.12.3.rel1.linux64_1.1.0.202410170702/tools/bin/../lib/gcc/arm-none-eabi/12.3.1/../../../../arm-none-eabi/lib/thumb/v7e-m+fp/hard/libc_nano.a(libc_a-mallocr.o)
 .debug_frame   0x0000108c       0x30 /opt/st/stm32cubeide_1.17.0/plugins/com.st.stm32cube.ide.mcu.externaltools.gnu-tools-for-stm32.12.3.rel1.linux64_1.1.0.202410170702/tools/bin/../lib/gcc/arm-none-eabi/12.3.1/../../../../arm-none-eabi/lib/thumb/v7e-m+fp/hard/libc_nano.a(libc_a-mlock.o)
 .debug_frame   0x000010bc       0x5c /opt/st/stm32cubeide_1.17.0/plugins/com.st.stm32cube.ide.mcu.externaltools.gnu-tools-for-stm32.12.3.rel1.linux64_1.1.0.202410170702/tools/bin/../lib/gcc/arm-none-eabi/12.3.1/../../../../arm-none-eabi/lib/thumb/v7e-m+fp/hard/libc_nano.a(libc_a-fflush.o)
 .debug_frame   0x00001118       0x58 /opt/st/stm32cubeide_1.17.0/plugins/com.st.stm32cube.ide.mcu.externaltools.gnu-tools-for-stm32.12.3.rel1.linux64_1.1.0.202410170702/tools/bin/../lib/gcc/arm-none-eabi/12.3.1/../../../../arm-none-eabi/lib/thumb/v7e-m+fp/hard/libc_nano.a(libc_a-makebuf.o)
 .debug_frame   0x00001170       0x2c /opt/st/stm32cubeide_1.17.0/plugins/com.st.stm32cube.ide.mcu.externaltools.gnu-tools-for-stm32.12.3.rel1.linux64_1.1.0.202410170702/tools/bin/../lib/gcc/arm-none-eabi/12.3.1/../../../../arm-none-eabi/lib/thumb/v7e-m+fp/hard/libc_nano.a(libc_a-fstatr.o)
 .debug_frame   0x0000119c       0x2c /opt/st/stm32cubeide_1.17.0/plugins/com.st.stm32cube.ide.mcu.externaltools.gnu-tools-for-stm32.12.3.rel1.linux64_1.1.0.202410170702/tools/bin/../lib/gcc/arm-none-eabi/12.3.1/../../../../arm-none-eabi/lib/thumb/v7e-m+fp/hard/libc_nano.a(libc_a-isattyr.o)
 .debug_frame   0x000011c8       0x2c /opt/st/stm32cubeide_1.17.0/plugins/com.st.stm32cube.ide.mcu.externaltools.gnu-tools-for-stm32.12.3.rel1.linux64_1.1.0.202410170702/tools/bin/../lib/gcc/arm-none-eabi/12.3.1/../../../../arm-none-eabi/lib/thumb/v7e-m+fp/hard/libc_nano.a(libc_a-sbrkr.o)

.debug_line_str
                0x00000000       0x64
 .debug_line_str
                0x00000000       0x64 ./Startup/startup_stm32f407vgtx.o
